exports[`Dropdown renders correctly 1`] = `
Array [
  Object {
    "attributes": Object {},
    "children": Array [],
    "tagName": "button",
    "type": "Element",
  },
]
`;
