exports[`Table Column Sort renders correctly 1`] = `
Array [
  Object {
    "attributes": Object {
      "className": Array [
        "uk-table",
      ],
    },
    "children": Array [
      Object {
        "attributes": Object {},
        "tagName": "col",
        "type": "Element",
      },
      Object {
        "attributes": Object {},
        "children": Array [
          Object {
            "attributes": Object {},
            "children": Array [
              Object {
                "attributes": Object {
                  "className": Array [
                    "myHeaderClass",
                    "uk-visible-hover-inline",
                    "vk-table-order",
                  ],
                },
                "children": Array [
                  Object {
                    "attributes": Object {
                      "className": Array [
                        "uk-position-relative",
                      ],
                    },
                    "children": Array [
                      Object {
                        "attributes": Object {
                          "className": Array [
                            "uk-icon-justify",
                            "uk-margin-small-left",
                            "uk-invisible",
                            "vk-icon-arrow-down",
                          ],
                        },
                        "children": Array [],
                        "tagName": "i",
                        "type": "Element",
                      },
                    ],
                    "tagName": "span",
                    "type": "Element",
                  },
                ],
                "tagName": "th",
                "type": "Element",
              },
            ],
            "tagName": "tr",
            "type": "Element",
          },
        ],
        "tagName": "thead",
        "type": "Element",
      },
      Object {
        "attributes": Object {},
        "children": Array [
          Object {
            "attributes": Object {},
            "children": Array [
              Object {
                "attributes": Object {
                  "className": Array [
                    "myCellClass",
                  ],
                },
                "children": Array [],
                "tagName": "td",
                "type": "Element",
              },
            ],
            "tagName": "tr",
            "type": "Element",
          },
          Object {
            "attributes": Object {},
            "children": Array [
              Object {
                "attributes": Object {
                  "className": Array [
                    "myCellClass",
                  ],
                },
                "children": Array [],
                "tagName": "td",
                "type": "Element",
              },
            ],
            "tagName": "tr",
            "type": "Element",
          },
          Object {
            "attributes": Object {},
            "children": Array [
              Object {
                "attributes": Object {
                  "className": Array [
                    "myCellClass",
                  ],
                },
                "children": Array [],
                "tagName": "td",
                "type": "Element",
              },
            ],
            "tagName": "tr",
            "type": "Element",
          },
          Object {
            "attributes": Object {},
            "children": Array [
              Object {
                "attributes": Object {
                  "className": Array [
                    "myCellClass",
                  ],
                },
                "children": Array [],
                "tagName": "td",
                "type": "Element",
              },
            ],
            "tagName": "tr",
            "type": "Element",
          },
          Object {
            "attributes": Object {},
            "children": Array [
              Object {
                "attributes": Object {
                  "className": Array [
                    "myCellClass",
                  ],
                },
                "children": Array [],
                "tagName": "td",
                "type": "Element",
              },
            ],
            "tagName": "tr",
            "type": "Element",
          },
        ],
        "tagName": "tbody",
        "type": "Element",
      },
    ],
    "tagName": "table",
    "type": "Element",
  },
]
`;
