// Jest Snapshot v1, https://goo.gl/fbAQLP

exports[`VkTable matches snapshot 1`] = `
<div class="uk-padding">
    <h1>Table</h1>
    <table class="uk-table uk-table-divider">
        <thead>
            <tr>
                <th class="uk-table-expand vk-table-column">Company</th>
                <th class="uk-table-shrink vk-table-column">Website</th>
            </tr>
        </thead>
        <tbody>
            <tr>
                <td class="uk-table-expand">Mat Lam Tam</td>
                <td class="uk-table-shrink">goodreads.com</td>
            </tr>
            <tr>
                <td class="uk-table-expand">Y-find</td>
                <td class="uk-table-shrink">home.pl</td>
            </tr>
            <tr>
                <td class="uk-table-expand">Tres-Zap</td>
                <td class="uk-table-shrink">printfriendly.com</td>
            </tr>
            <tr>
                <td class="uk-table-expand">Zathin</td>
                <td class="uk-table-shrink">nbcnews.com</td>
            </tr>
            <tr>
                <td class="uk-table-expand">Bamity</td>
                <td class="uk-table-shrink">howstuffworks.com</td>
            </tr>
        </tbody>
    </table>
    <h2>Headless</h2>
    <table class="uk-table uk-table-divider">
        <tbody>
            <tr>
                <td class="uk-table-expand">Mat Lam Tam</td>
                <td class="uk-table-shrink">goodreads.com</td>
            </tr>
            <tr>
                <td class="uk-table-expand">Y-find</td>
                <td class="uk-table-shrink">home.pl</td>
            </tr>
            <tr>
                <td class="uk-table-expand">Tres-Zap</td>
                <td class="uk-table-shrink">printfriendly.com</td>
            </tr>
            <tr>
                <td class="uk-table-expand">Zathin</td>
                <td class="uk-table-shrink">nbcnews.com</td>
            </tr>
            <tr>
                <td class="uk-table-expand">Bamity</td>
                <td class="uk-table-shrink">howstuffworks.com</td>
            </tr>
        </tbody>
    </table>
    <h2>Customizations</h2>
    <table class="uk-table uk-table-divider uk-table-middle">
        <thead>
            <tr>
                <th class="uk-text-right vk-table-column">Custom Class</th>
                <th class="vk-table-column">Cell Slot</th>
                <th class="vk-table-column">Empty Cell Slot</th>
            </tr>
        </thead>
        <tbody>
            <tr>
                <td class="uk-text-right">goodreads.com</td>
                <td>
                    <div class="uk-text-right">
                        <a href="http://goodreads.com">goodreads.com</a>
                    </div>
                </td>
                <td>
                    <div>
                        Is Empty
                    </div>
                </td>
            </tr>
            <tr>
                <td class="uk-text-right">home.pl</td>
                <td>
                    <div class="uk-text-right">
                        <a href="http://home.pl">home.pl</a>
                    </div>
                </td>
                <td>
                    <div>
                        Is Empty
                    </div>
                </td>
            </tr>
            <tr>
                <td class="uk-text-right">printfriendly.com</td>
                <td>
                    <div class="uk-text-right">
                        <a href="http://printfriendly.com">printfriendly.com</a>
                    </div>
                </td>
                <td>
                    <div>
                        Is Empty
                    </div>
                </td>
            </tr>
            <tr>
                <td class="uk-text-right">nbcnews.com</td>
                <td>
                    <div class="uk-text-right">
                        <a href="http://nbcnews.com">nbcnews.com</a>
                    </div>
                </td>
                <td>
                    <div>
                        Is Empty
                    </div>
                </td>
            </tr>
            <tr>
                <td class="uk-text-right">howstuffworks.com</td>
                <td>
                    <div class="uk-text-right">
                        <a href="http://howstuffworks.com">howstuffworks.com</a>
                    </div>
                </td>
                <td>
                    <div>
                        Is Empty
                    </div>
                </td>
            </tr>
        </tbody>
    </table>
    <h2>Dynamic Columns</h2>
    <table class="uk-table uk-table-divider">
        <thead>
            <tr>
                <th class="vk-table-column">company</th>
                <th class="vk-table-column">website</th>
            </tr>
        </thead>
        <tbody>
            <tr>
                <td>Mat Lam Tam</td>
                <td>goodreads.com</td>
            </tr>
            <tr>
                <td>Y-find</td>
                <td>home.pl</td>
            </tr>
            <tr>
                <td>Tres-Zap</td>
                <td>printfriendly.com</td>
            </tr>
            <tr>
                <td>Zathin</td>
                <td>nbcnews.com</td>
            </tr>
            <tr>
                <td>Bamity</td>
                <td>howstuffworks.com</td>
            </tr>
        </tbody>
    </table>
    <button type="button" class="uk-button uk-button-default">Change Order</button>
    <button type="button" class="uk-button uk-button-default">Reset</button>
    <h2>Modifiers</h2>
    <table class="uk-table uk-table-small uk-table-hover uk-table-divider uk-table-striped uk-table-middle">
        <thead>
            <tr>
                <th class="vk-table-column">Website</th>
            </tr>
        </thead>
        <tbody>
            <tr>
                <td>goodreads.com</td>
            </tr>
            <tr>
                <td>home.pl</td>
            </tr>
            <tr>
                <td>printfriendly.com</td>
            </tr>
            <tr>
                <td>nbcnews.com</td>
            </tr>
            <tr>
                <td>howstuffworks.com</td>
            </tr>
        </tbody>
    </table>
</div>
`;
