exports[`Tooltip renders correctly 1`] = `
<button>
  <div class="uk-tooltip" style="display:none">
    <div class="uk-tooltip-inner">Content</div>
  </div>
</button>
`;
